#-----------------------------------------------------------
# Webtalk v2021.1 (64-bit)
# SW Build 3247384 on Thu Jun 10 19:36:33 MDT 2021
# IP Build 3246043 on Fri Jun 11 00:30:35 MDT 2021
# Start of session at: Fri Oct 13 20:36:00 2023
# Process ID: 24416
# Current directory: D:/Sagar/UNSW/study/comp3601/Project/git/COMP3601_TeamNASP/TeamNASP_3601_M2/TeamNASP_3601_M2.sim/sim_1/behav/xsim
# Command line: wbtcv.exe -mode batch -source D:/Sagar/UNSW/study/comp3601/Project/git/COMP3601_TeamNASP/TeamNASP_3601_M2/TeamNASP_3601_M2.sim/sim_1/behav/xsim/xsim.dir/audio_pipeline_behav/webtalk/xsim_webtalk.tcl -notrace
# Log file: D:/Sagar/UNSW/study/comp3601/Project/git/COMP3601_TeamNASP/TeamNASP_3601_M2/TeamNASP_3601_M2.sim/sim_1/behav/xsim/webtalk.log
# Journal file: D:/Sagar/UNSW/study/comp3601/Project/git/COMP3601_TeamNASP/TeamNASP_3601_M2/TeamNASP_3601_M2.sim/sim_1/behav/xsim\webtalk.jou
#-----------------------------------------------------------
source D:/Sagar/UNSW/study/comp3601/Project/git/COMP3601_TeamNASP/TeamNASP_3601_M2/TeamNASP_3601_M2.sim/sim_1/behav/xsim/xsim.dir/audio_pipeline_behav/webtalk/xsim_webtalk.tcl -notrace
