#-----------------------------------------------------------
# Vivado v2021.1 (64-bit)
# SW Build 3247384 on Thu Jun 10 19:36:33 MDT 2021
# IP Build 3246043 on Fri Jun 11 00:30:35 MDT 2021
# Start of session at: Fri Oct 27 14:20:50 2023
# Process ID: 4248
# Current directory: C:/Users/gonin/Documents/COMP3601/COMP3601_TeamNASP/TeamNASP_3601_M2
# Command line: vivado.exe -gui_launcher_event rodinguilauncherevent12516 C:\Users\gonin\Documents\COMP3601\COMP3601_TeamNASP\TeamNASP_3601_M2\TeamNASP_3601_M2.xpr
# Log file: C:/Users/gonin/Documents/COMP3601/COMP3601_TeamNASP/TeamNASP_3601_M2/vivado.log
# Journal file: C:/Users/gonin/Documents/COMP3601/COMP3601_TeamNASP/TeamNASP_3601_M2\vivado.jou
#-----------------------------------------------------------
start_gui
open_project C:/Users/gonin/Documents/COMP3601/COMP3601_TeamNASP/TeamNASP_3601_M2/TeamNASP_3601_M2.xpr
update_compile_order -fileset sources_1
open_hw_manager
connect_hw_server -allow_non_jtag
connect_hw_server -allow_non_jtag
connect_hw_server -allow_non_jtag
close_hw_manager
open_hw_manager
connect_hw_server -allow_non_jtag
